*************************************************************
****                                                     ****
****            Output from PHASE v2.0.2                 ****
****  Code by M Stephens, with contributions from N Li   ****
****                                                     ****
*************************************************************

BEGIN COMMAND_LINE 
/home/cbardel/phase/phase.2.0.2.linux/PHASE -c-1 caco.phase caco.phase.out 100 1 100 
END COMMAND_LINE 

BEGIN OUTFILE_LIST
caco.phase.out_freqs : haplotype frequency estimates
caco.phase.out_pairs : most likely haplotype pairs for each individual
caco.phase.out_recom : estimates of recombination parameters
caco.phase.out_signif : p-value for testing cases vs controls
caco.phase.out_monitor : file for monitoring convergence
END OUTFILE_LIST

BEGIN INPUT_SUMMARY
Number of Individuals: 200
Number of Loci: 12
Positions of loci: 293 693 2319 2346 3697 3727 3848 4329 4384 4553 6297 6760 
END INPUT_SUMMARY

List of haplotypes found in best reconstruction, with counts.
(See file caco.phase.out_freqs for haplotype population frequency estimates)

BEGIN LIST_SUMMARY
         1 222222222222  224.000000
         2 222221122222    6.000000
         3 222221111122    6.000000
         4 222221111121   20.000000
         5 222221111112    5.000000
         6 222212222222   12.000000
         7 221222222221   14.000000
         8 221122222222   11.000000
         9 112222222222   20.000000
        10 112221112222    6.000000
        11 112221112112   11.000000
        12 112221111122   14.000000
        13 112221111121   10.000000
        14 112221111112   41.000000
END LIST_SUMMARY


Summary of best reconstruction
(numbers refer to the list of haplotypes given above)

BEGIN BESTPAIRS_SUMMARY
1: (1,1)
2: (1,1)
3: (1,13)
4: (1,6)
5: (3,14)
6: (1,1)
7: (1,11)
8: (1,1)
9: (1,14)
10: (1,14)
11: (11,14)
12: (1,14)
13: (1,9)
14: (1,14)
15: (1,2)
16: (9,14)
17: (1,9)
18: (1,1)
19: (1,9)
20: (1,6)
21: (9,10)
22: (4,14)
23: (1,4)
24: (6,14)
25: (1,14)
26: (1,14)
27: (1,11)
28: (1,1)
29: (1,12)
30: (1,10)
31: (1,3)
32: (8,9)
33: (1,14)
34: (1,14)
35: (11,12)
36: (1,1)
37: (1,13)
38: (1,12)
39: (1,3)
40: (7,14)
41: (1,1)
42: (1,7)
43: (4,11)
44: (1,1)
45: (1,11)
46: (1,9)
47: (13,13)
48: (1,1)
49: (1,14)
50: (1,14)
51: (1,8)
52: (1,13)
53: (1,1)
54: (1,4)
55: (1,14)
56: (1,10)
57: (7,14)
58: (3,12)
59: (2,10)
60: (1,11)
61: (1,1)
62: (1,6)
63: (1,1)
64: (1,14)
65: (1,1)
66: (4,7)
67: (1,9)
68: (1,14)
69: (1,1)
70: (13,14)
71: (1,7)
72: (1,6)
73: (1,1)
74: (1,1)
75: (6,6)
76: (4,5)
77: (1,1)
78: (1,1)
79: (11,14)
80: (12,14)
81: (1,7)
82: (1,8)
83: (1,14)
84: (4,11)
85: (1,9)
86: (1,14)
87: (1,7)
88: (1,3)
89: (1,8)
90: (1,1)
91: (9,12)
92: (14,14)
93: (8,13)
94: (1,9)
95: (1,13)
96: (1,14)
97: (1,1)
98: (1,12)
99: (1,12)
100: (1,1)
101: (1,1)
102: (1,8)
103: (1,1)
104: (1,14)
105: (1,1)
106: (1,4)
107: (1,12)
108: (1,4)
109: (1,1)
110: (1,12)
111: (1,4)
112: (1,5)
113: (1,8)
114: (1,1)
115: (1,9)
116: (4,8)
117: (1,1)
118: (1,1)
119: (1,10)
120: (1,2)
121: (1,1)
122: (1,1)
123: (4,4)
124: (1,5)
125: (1,9)
126: (1,1)
127: (9,12)
128: (1,14)
129: (1,2)
130: (1,1)
131: (1,6)
132: (1,1)
133: (1,1)
134: (1,1)
135: (4,4)
136: (1,1)
137: (1,8)
138: (1,4)
139: (1,13)
140: (1,3)
141: (1,1)
142: (1,2)
143: (1,1)
144: (1,7)
145: (1,7)
146: (1,1)
147: (1,6)
148: (1,4)
149: (1,10)
150: (1,1)
151: (1,6)
152: (1,12)
153: (5,7)
154: (1,1)
155: (1,1)
156: (1,9)
157: (1,1)
158: (1,11)
159: (1,5)
160: (1,1)
161: (1,14)
162: (1,1)
163: (1,7)
164: (1,7)
165: (1,9)
166: (1,1)
167: (1,8)
168: (1,14)
169: (1,4)
170: (1,1)
171: (9,12)
172: (1,2)
173: (1,1)
174: (1,7)
175: (1,1)
176: (1,14)
177: (1,1)
178: (1,1)
179: (1,1)
180: (1,12)
181: (1,6)
182: (1,1)
183: (1,4)
184: (14,14)
185: (1,7)
186: (6,9)
187: (1,1)
188: (1,11)
189: (4,14)
190: (8,14)
191: (1,14)
192: (1,1)
193: (1,1)
194: (1,14)
195: (1,14)
196: (1,9)
197: (1,9)
198: (13,14)
199: (1,1)
200: (1,1)
END BESTPAIRS_SUMMARY


Haplotype estimates for each individual, with uncertain phases enclosed in ()
and uncertain genotypes enclosed in []:

BEGIN BESTPAIRS1
1 1
2 2 2 2 2 2 2 2 2 2 2 2 
2 2 2 2 2 2 2 2 2 2 2 2 
1 2
2 2 2 2 2 2 2 2 2 2 2 2 
2 2 2 2 2 2 2 2 2 2 2 2 
1 3
(2) (2) 2 2 2 2 2 2 2 2 2 2 
(1) (1) 2 2 2 1 1 1 1 1 2 1 
1 4
2 2 2 2 2 2 2 2 2 2 2 2 
2 2 2 2 1 2 2 2 2 2 2 2 
1 5
2 2 2 2 2 1 1 1 1 1 (2) 2 
1 1 2 2 2 1 1 1 1 1 (1) 2 
1 6
2 2 2 2 2 2 2 2 2 2 2 2 
2 2 2 2 2 2 2 2 2 2 2 2 
1 7
2 2 2 2 2 2 2 2 2 2 2 2 
1 1 2 2 2 1 1 1 2 1 1 2 
1 8
2 2 2 2 2 2 2 2 2 2 2 2 
2 2 2 2 2 2 2 2 2 2 2 2 
1 9
2 2 2 2 2 2 2 2 2 2 2 2 
1 1 2 2 2 1 1 1 1 1 1 2 
1 10
2 2 2 2 2 2 2 2 2 2 2 2 
1 1 2 2 2 1 1 1 1 1 1 2 
1 11
1 1 2 2 2 1 1 1 2 1 1 2 
1 1 2 2 2 1 1 1 1 1 1 2 
1 12
2 2 2 2 2 2 2 2 2 2 2 2 
1 1 2 2 2 1 1 1 1 1 1 2 
1 13
2 2 2 2 2 2 2 2 2 2 2 2 
1 1 2 2 2 2 2 2 2 2 2 2 
1 14
2 2 2 2 2 2 2 2 2 2 2 2 
1 1 2 2 2 1 1 1 1 1 1 2 
1 15
2 2 2 2 2 2 2 2 2 2 2 2 
2 2 2 2 2 1 1 2 2 2 2 2 
1 16
1 1 2 2 2 2 2 2 2 2 2 2 
1 1 2 2 2 1 1 1 1 1 1 2 
1 17
2 2 2 2 2 2 2 2 2 2 2 2 
1 1 2 2 2 2 2 2 2 2 2 2 
1 18
2 2 2 2 2 2 2 2 2 2 2 2 
2 2 2 2 2 2 2 2 2 2 2 2 
1 19
2 2 2 2 2 2 2 2 2 2 2 2 
1 1 2 2 2 2 2 2 2 2 2 2 
1 20
2 2 2 2 2 2 2 2 2 2 2 2 
2 2 2 2 1 2 2 2 2 2 2 2 
1 21
1 1 2 2 2 2 2 2 2 2 2 2 
1 1 2 2 2 1 1 1 2 2 2 2 
1 22
2 2 2 2 2 1 1 1 1 1 2 1 
1 1 2 2 2 1 1 1 1 1 1 2 
1 23
2 2 2 2 2 2 2 2 2 2 2 2 
2 2 2 2 2 1 1 1 1 1 2 1 
1 24
2 2 2 2 1 2 2 2 2 2 2 2 
1 1 2 2 2 1 1 1 1 1 1 2 
1 25
2 2 2 2 2 2 2 2 2 2 2 2 
1 1 2 2 2 1 1 1 1 1 1 2 
1 26
2 2 2 2 2 2 2 2 2 2 2 2 
1 1 2 2 2 1 1 1 1 1 1 2 
1 27
2 2 2 2 2 2 2 2 2 2 2 2 
1 1 2 2 2 1 1 1 2 1 1 2 
1 28
2 2 2 2 2 2 2 2 2 2 2 2 
2 2 2 2 2 2 2 2 2 2 2 2 
1 29
2 2 2 2 2 2 2 2 2 2 2 2 
1 1 2 2 2 1 1 1 1 1 2 2 
1 30
2 2 2 2 2 2 2 2 2 2 2 2 
1 1 2 2 2 1 1 1 2 2 2 2 
1 31
2 2 2 2 2 2 2 2 2 2 2 2 
2 2 2 2 2 1 1 1 1 1 2 2 
1 32
2 2 1 1 2 2 2 2 2 2 2 2 
1 1 2 2 2 2 2 2 2 2 2 2 
1 33
2 2 2 2 2 2 2 2 2 2 2 2 
1 1 2 2 2 1 1 1 1 1 1 2 
1 34
2 2 2 2 2 2 2 2 2 2 2 2 
1 1 2 2 2 1 1 1 1 1 1 2 
1 35
1 1 2 2 2 1 1 1 2 1 1 2 
1 1 2 2 2 1 1 1 1 1 2 2 
1 36
2 2 2 2 2 2 2 2 2 2 2 2 
2 2 2 2 2 2 2 2 2 2 2 2 
1 37
(2) (2) 2 2 2 2 2 2 2 2 2 2 
(1) (1) 2 2 2 1 1 1 1 1 2 1 
1 38
2 2 2 2 2 2 2 2 2 2 2 2 
1 1 2 2 2 1 1 1 1 1 2 2 
1 39
2 2 2 2 2 2 2 2 2 2 2 2 
2 2 2 2 2 1 1 1 1 1 2 2 
1 40
2 2 1 2 2 2 2 2 2 2 2 1 
1 1 2 2 2 1 1 1 1 1 1 2 
1 41
2 2 2 2 2 2 2 2 2 2 2 2 
2 2 2 2 2 2 2 2 2 2 2 2 
1 42
2 2 2 2 2 2 2 2 2 2 2 2 
2 2 1 2 2 2 2 2 2 2 2 1 
1 43
2 2 2 2 2 1 1 1 1 1 2 1 
1 1 2 2 2 1 1 1 2 1 1 2 
1 44
2 2 2 2 2 2 2 2 2 2 2 2 
2 2 2 2 2 2 2 2 2 2 2 2 
1 45
2 2 2 2 2 2 2 2 2 2 2 2 
1 1 2 2 2 1 1 1 2 1 1 2 
1 46
2 2 2 2 2 2 2 2 2 2 2 2 
1 1 2 2 2 2 2 2 2 2 2 2 
1 47
1 1 2 2 2 1 1 1 1 1 2 1 
1 1 2 2 2 1 1 1 1 1 2 1 
1 48
2 2 2 2 2 2 2 2 2 2 2 2 
2 2 2 2 2 2 2 2 2 2 2 2 
1 49
2 2 2 2 2 2 2 2 2 2 2 2 
1 1 2 2 2 1 1 1 1 1 1 2 
1 50
2 2 2 2 2 2 2 2 2 2 2 2 
1 1 2 2 2 1 1 1 1 1 1 2 
1 51
2 2 2 2 2 2 2 2 2 2 2 2 
2 2 1 1 2 2 2 2 2 2 2 2 
1 52
(2) (2) 2 2 2 2 2 2 2 2 2 2 
(1) (1) 2 2 2 1 1 1 1 1 2 1 
1 53
2 2 2 2 2 2 2 2 2 2 2 2 
2 2 2 2 2 2 2 2 2 2 2 2 
1 54
2 2 2 2 2 2 2 2 2 2 2 2 
2 2 2 2 2 1 1 1 1 1 2 1 
1 55
2 2 2 2 2 2 2 2 2 2 2 2 
1 1 2 2 2 1 1 1 1 1 1 2 
1 56
2 2 2 2 2 2 2 2 2 2 2 2 
1 1 2 2 2 1 1 1 2 2 2 2 
1 57
2 2 1 2 2 2 2 2 2 2 2 1 
1 1 2 2 2 1 1 1 1 1 1 2 
1 58
2 2 2 2 2 1 1 1 1 1 2 2 
1 1 2 2 2 1 1 1 1 1 2 2 
1 59
2 2 2 2 2 1 1 2 2 2 2 2 
1 1 2 2 2 1 1 1 2 2 2 2 
1 60
2 2 2 2 2 2 2 2 2 2 2 2 
1 1 2 2 2 1 1 1 2 1 1 2 
1 61
2 2 2 2 2 2 2 2 2 2 2 2 
2 2 2 2 2 2 2 2 2 2 2 2 
1 62
2 2 2 2 2 2 2 2 2 2 2 2 
2 2 2 2 1 2 2 2 2 2 2 2 
1 63
2 2 2 2 2 2 2 2 2 2 2 2 
2 2 2 2 2 2 2 2 2 2 2 2 
1 64
2 2 2 2 2 2 2 2 2 2 2 2 
1 1 2 2 2 1 1 1 1 1 1 2 
1 65
2 2 2 2 2 2 2 2 2 2 2 2 
2 2 2 2 2 2 2 2 2 2 2 2 
1 66
2 2 2 2 2 1 1 1 1 1 2 1 
2 2 1 2 2 2 2 2 2 2 2 1 
1 67
2 2 2 2 2 2 2 2 2 2 2 2 
1 1 2 2 2 2 2 2 2 2 2 2 
1 68
2 2 2 2 2 2 2 2 2 2 2 2 
1 1 2 2 2 1 1 1 1 1 1 2 
1 69
2 2 2 2 2 2 2 2 2 2 2 2 
2 2 2 2 2 2 2 2 2 2 2 2 
1 70
1 1 2 2 2 1 1 1 1 1 2 1 
1 1 2 2 2 1 1 1 1 1 1 2 
1 71
2 2 2 2 2 2 2 2 2 2 2 2 
2 2 1 2 2 2 2 2 2 2 2 1 
1 72
2 2 2 2 2 2 2 2 2 2 2 2 
2 2 2 2 1 2 2 2 2 2 2 2 
1 73
2 2 2 2 2 2 2 2 2 2 2 2 
2 2 2 2 2 2 2 2 2 2 2 2 
1 74
2 2 2 2 2 2 2 2 2 2 2 2 
2 2 2 2 2 2 2 2 2 2 2 2 
1 75
2 2 2 2 1 2 2 2 2 2 2 2 
2 2 2 2 1 2 2 2 2 2 2 2 
1 76
2 2 2 2 2 1 1 1 1 1 2 1 
2 2 2 2 2 1 1 1 1 1 1 2 
1 77
2 2 2 2 2 2 2 2 2 2 2 2 
2 2 2 2 2 2 2 2 2 2 2 2 
1 78
2 2 2 2 2 2 2 2 2 2 2 2 
2 2 2 2 2 2 2 2 2 2 2 2 
1 79
1 1 2 2 2 1 1 1 2 1 1 2 
1 1 2 2 2 1 1 1 1 1 1 2 
1 80
1 1 2 2 2 1 1 1 1 1 2 2 
1 1 2 2 2 1 1 1 1 1 1 2 
1 81
2 2 2 2 2 2 2 2 2 2 2 2 
2 2 1 2 2 2 2 2 2 2 2 1 
1 82
2 2 2 2 2 2 2 2 2 2 2 2 
2 2 1 1 2 2 2 2 2 2 2 2 
1 83
2 2 2 2 2 2 2 2 2 2 2 2 
1 1 2 2 2 1 1 1 1 1 1 2 
1 84
2 2 2 2 2 1 1 1 1 1 2 1 
1 1 2 2 2 1 1 1 2 1 1 2 
1 85
2 2 2 2 2 2 2 2 2 2 2 2 
1 1 2 2 2 2 2 2 2 2 2 2 
1 86
2 2 2 2 2 2 2 2 2 2 2 2 
1 1 2 2 2 1 1 1 1 1 1 2 
1 87
2 2 2 2 2 2 2 2 2 2 2 2 
2 2 1 2 2 2 2 2 2 2 2 1 
1 88
2 2 2 2 2 2 2 2 2 2 2 2 
2 2 2 2 2 1 1 1 1 1 2 2 
1 89
2 2 2 2 2 2 2 2 2 2 2 2 
2 2 1 1 2 2 2 2 2 2 2 2 
1 90
2 2 2 2 2 2 2 2 2 2 2 2 
2 2 2 2 2 2 2 2 2 2 2 2 
1 91
1 1 2 2 2 2 2 2 2 2 2 2 
1 1 2 2 2 1 1 1 1 1 2 2 
1 92
1 1 2 2 2 1 1 1 1 1 1 2 
1 1 2 2 2 1 1 1 1 1 1 2 
1 93
2 2 1 1 2 2 2 2 2 2 2 2 
1 1 2 2 2 1 1 1 1 1 2 1 
1 94
2 2 2 2 2 2 2 2 2 2 2 2 
1 1 2 2 2 2 2 2 2 2 2 2 
1 95
(2) (2) 2 2 2 2 2 2 2 2 2 2 
(1) (1) 2 2 2 1 1 1 1 1 2 1 
1 96
2 2 2 2 2 2 2 2 2 2 2 2 
1 1 2 2 2 1 1 1 1 1 1 2 
1 97
2 2 2 2 2 2 2 2 2 2 2 2 
2 2 2 2 2 2 2 2 2 2 2 2 
1 98
2 2 2 2 2 2 2 2 2 2 2 2 
1 1 2 2 2 1 1 1 1 1 2 2 
1 99
2 2 2 2 2 2 2 2 2 2 2 2 
1 1 2 2 2 1 1 1 1 1 2 2 
1 100
2 2 2 2 2 2 2 2 2 2 2 2 
2 2 2 2 2 2 2 2 2 2 2 2 
0 101
2 2 2 2 2 2 2 2 2 2 2 2 
2 2 2 2 2 2 2 2 2 2 2 2 
0 102
2 2 2 2 2 2 2 2 2 2 2 2 
2 2 1 1 2 2 2 2 2 2 2 2 
0 103
2 2 2 2 2 2 2 2 2 2 2 2 
2 2 2 2 2 2 2 2 2 2 2 2 
0 104
2 2 2 2 2 2 2 2 2 2 2 2 
1 1 2 2 2 1 1 1 1 1 1 2 
0 105
2 2 2 2 2 2 2 2 2 2 2 2 
2 2 2 2 2 2 2 2 2 2 2 2 
0 106
2 2 2 2 2 2 2 2 2 2 2 2 
2 2 2 2 2 1 1 1 1 1 2 1 
0 107
2 2 2 2 2 2 2 2 2 2 2 2 
1 1 2 2 2 1 1 1 1 1 2 2 
0 108
2 2 2 2 2 2 2 2 2 2 2 2 
2 2 2 2 2 1 1 1 1 1 2 1 
0 109
2 2 2 2 2 2 2 2 2 2 2 2 
2 2 2 2 2 2 2 2 2 2 2 2 
0 110
2 2 2 2 2 2 2 2 2 2 2 2 
1 1 2 2 2 1 1 1 1 1 2 2 
0 111
2 2 2 2 2 2 2 2 2 2 2 2 
2 2 2 2 2 1 1 1 1 1 2 1 
0 112
2 2 2 2 2 2 2 2 2 2 2 2 
2 2 2 2 2 1 1 1 1 1 1 2 
0 113
2 2 2 2 2 2 2 2 2 2 2 2 
2 2 1 1 2 2 2 2 2 2 2 2 
0 114
2 2 2 2 2 2 2 2 2 2 2 2 
2 2 2 2 2 2 2 2 2 2 2 2 
0 115
2 2 2 2 2 2 2 2 2 2 2 2 
1 1 2 2 2 2 2 2 2 2 2 2 
0 116
2 2 2 2 2 1 1 1 1 1 2 1 
2 2 1 1 2 2 2 2 2 2 2 2 
0 117
2 2 2 2 2 2 2 2 2 2 2 2 
2 2 2 2 2 2 2 2 2 2 2 2 
0 118
2 2 2 2 2 2 2 2 2 2 2 2 
2 2 2 2 2 2 2 2 2 2 2 2 
0 119
2 2 2 2 2 2 2 2 2 2 2 2 
1 1 2 2 2 1 1 1 2 2 2 2 
0 120
2 2 2 2 2 2 2 2 2 2 2 2 
2 2 2 2 2 1 1 2 2 2 2 2 
0 121
2 2 2 2 2 2 2 2 2 2 2 2 
2 2 2 2 2 2 2 2 2 2 2 2 
0 122
2 2 2 2 2 2 2 2 2 2 2 2 
2 2 2 2 2 2 2 2 2 2 2 2 
0 123
2 2 2 2 2 1 1 1 1 1 2 1 
2 2 2 2 2 1 1 1 1 1 2 1 
0 124
2 2 2 2 2 2 2 2 2 2 2 2 
2 2 2 2 2 1 1 1 1 1 1 2 
0 125
2 2 2 2 2 2 2 2 2 2 2 2 
1 1 2 2 2 2 2 2 2 2 2 2 
0 126
2 2 2 2 2 2 2 2 2 2 2 2 
2 2 2 2 2 2 2 2 2 2 2 2 
0 127
1 1 2 2 2 2 2 2 2 2 2 2 
1 1 2 2 2 1 1 1 1 1 2 2 
0 128
2 2 2 2 2 2 2 2 2 2 2 2 
1 1 2 2 2 1 1 1 1 1 1 2 
0 129
2 2 2 2 2 2 2 2 2 2 2 2 
2 2 2 2 2 1 1 2 2 2 2 2 
0 130
2 2 2 2 2 2 2 2 2 2 2 2 
2 2 2 2 2 2 2 2 2 2 2 2 
0 131
2 2 2 2 2 2 2 2 2 2 2 2 
2 2 2 2 1 2 2 2 2 2 2 2 
0 132
2 2 2 2 2 2 2 2 2 2 2 2 
2 2 2 2 2 2 2 2 2 2 2 2 
0 133
2 2 2 2 2 2 2 2 2 2 2 2 
2 2 2 2 2 2 2 2 2 2 2 2 
0 134
2 2 2 2 2 2 2 2 2 2 2 2 
2 2 2 2 2 2 2 2 2 2 2 2 
0 135
2 2 2 2 2 1 1 1 1 1 2 1 
2 2 2 2 2 1 1 1 1 1 2 1 
0 136
2 2 2 2 2 2 2 2 2 2 2 2 
2 2 2 2 2 2 2 2 2 2 2 2 
0 137
2 2 2 2 2 2 2 2 2 2 2 2 
2 2 1 1 2 2 2 2 2 2 2 2 
0 138
2 2 2 2 2 2 2 2 2 2 2 2 
2 2 2 2 2 1 1 1 1 1 2 1 
0 139
(2) (2) 2 2 2 2 2 2 2 2 2 2 
(1) (1) 2 2 2 1 1 1 1 1 2 1 
0 140
2 2 2 2 2 2 2 2 2 2 2 2 
2 2 2 2 2 1 1 1 1 1 2 2 
0 141
2 2 2 2 2 2 2 2 2 2 2 2 
2 2 2 2 2 2 2 2 2 2 2 2 
0 142
2 2 2 2 2 2 2 2 2 2 2 2 
2 2 2 2 2 1 1 2 2 2 2 2 
0 143
2 2 2 2 2 2 2 2 2 2 2 2 
2 2 2 2 2 2 2 2 2 2 2 2 
0 144
2 2 2 2 2 2 2 2 2 2 2 2 
2 2 1 2 2 2 2 2 2 2 2 1 
0 145
2 2 2 2 2 2 2 2 2 2 2 2 
2 2 1 2 2 2 2 2 2 2 2 1 
0 146
2 2 2 2 2 2 2 2 2 2 2 2 
2 2 2 2 2 2 2 2 2 2 2 2 
0 147
2 2 2 2 2 2 2 2 2 2 2 2 
2 2 2 2 1 2 2 2 2 2 2 2 
0 148
2 2 2 2 2 2 2 2 2 2 2 2 
2 2 2 2 2 1 1 1 1 1 2 1 
0 149
2 2 2 2 2 2 2 2 2 2 2 2 
1 1 2 2 2 1 1 1 2 2 2 2 
0 150
2 2 2 2 2 2 2 2 2 2 2 2 
2 2 2 2 2 2 2 2 2 2 2 2 
0 151
2 2 2 2 2 2 2 2 2 2 2 2 
2 2 2 2 1 2 2 2 2 2 2 2 
0 152
2 2 2 2 2 2 2 2 2 2 2 2 
1 1 2 2 2 1 1 1 1 1 2 2 
0 153
2 2 2 2 2 1 1 1 1 1 1 2 
2 2 1 2 2 2 2 2 2 2 2 1 
0 154
2 2 2 2 2 2 2 2 2 2 2 2 
2 2 2 2 2 2 2 2 2 2 2 2 
0 155
2 2 2 2 2 2 2 2 2 2 2 2 
2 2 2 2 2 2 2 2 2 2 2 2 
0 156
2 2 2 2 2 2 2 2 2 2 2 2 
1 1 2 2 2 2 2 2 2 2 2 2 
0 157
2 2 2 2 2 2 2 2 2 2 2 2 
2 2 2 2 2 2 2 2 2 2 2 2 
0 158
2 2 2 2 2 2 2 2 2 2 2 2 
1 1 2 2 2 1 1 1 2 1 1 2 
0 159
2 2 2 2 2 2 2 2 2 2 2 2 
2 2 2 2 2 1 1 1 1 1 1 2 
0 160
2 2 2 2 2 2 2 2 2 2 2 2 
2 2 2 2 2 2 2 2 2 2 2 2 
0 161
2 2 2 2 2 2 2 2 2 2 2 2 
1 1 2 2 2 1 1 1 1 1 1 2 
0 162
2 2 2 2 2 2 2 2 2 2 2 2 
2 2 2 2 2 2 2 2 2 2 2 2 
0 163
2 2 2 2 2 2 2 2 2 2 2 2 
2 2 1 2 2 2 2 2 2 2 2 1 
0 164
2 2 2 2 2 2 2 2 2 2 2 2 
2 2 1 2 2 2 2 2 2 2 2 1 
0 165
2 2 2 2 2 2 2 2 2 2 2 2 
1 1 2 2 2 2 2 2 2 2 2 2 
0 166
2 2 2 2 2 2 2 2 2 2 2 2 
2 2 2 2 2 2 2 2 2 2 2 2 
0 167
2 2 2 2 2 2 2 2 2 2 2 2 
2 2 1 1 2 2 2 2 2 2 2 2 
0 168
2 2 2 2 2 2 2 2 2 2 2 2 
1 1 2 2 2 1 1 1 1 1 1 2 
0 169
2 2 2 2 2 2 2 2 2 2 2 2 
2 2 2 2 2 1 1 1 1 1 2 1 
0 170
2 2 2 2 2 2 2 2 2 2 2 2 
2 2 2 2 2 2 2 2 2 2 2 2 
0 171
1 1 2 2 2 2 2 2 2 2 2 2 
1 1 2 2 2 1 1 1 1 1 2 2 
0 172
2 2 2 2 2 2 2 2 2 2 2 2 
2 2 2 2 2 1 1 2 2 2 2 2 
0 173
2 2 2 2 2 2 2 2 2 2 2 2 
2 2 2 2 2 2 2 2 2 2 2 2 
0 174
2 2 2 2 2 2 2 2 2 2 2 2 
2 2 1 2 2 2 2 2 2 2 2 1 
0 175
2 2 2 2 2 2 2 2 2 2 2 2 
2 2 2 2 2 2 2 2 2 2 2 2 
0 176
2 2 2 2 2 2 2 2 2 2 2 2 
1 1 2 2 2 1 1 1 1 1 1 2 
0 177
2 2 2 2 2 2 2 2 2 2 2 2 
2 2 2 2 2 2 2 2 2 2 2 2 
0 178
2 2 2 2 2 2 2 2 2 2 2 2 
2 2 2 2 2 2 2 2 2 2 2 2 
0 179
2 2 2 2 2 2 2 2 2 2 2 2 
2 2 2 2 2 2 2 2 2 2 2 2 
0 180
2 2 2 2 2 2 2 2 2 2 2 2 
1 1 2 2 2 1 1 1 1 1 2 2 
0 181
2 2 2 2 2 2 2 2 2 2 2 2 
2 2 2 2 1 2 2 2 2 2 2 2 
0 182
2 2 2 2 2 2 2 2 2 2 2 2 
2 2 2 2 2 2 2 2 2 2 2 2 
0 183
2 2 2 2 2 2 2 2 2 2 2 2 
2 2 2 2 2 1 1 1 1 1 2 1 
0 184
1 1 2 2 2 1 1 1 1 1 1 2 
1 1 2 2 2 1 1 1 1 1 1 2 
0 185
2 2 2 2 2 2 2 2 2 2 2 2 
2 2 1 2 2 2 2 2 2 2 2 1 
0 186
2 2 2 2 1 2 2 2 2 2 2 2 
1 1 2 2 2 2 2 2 2 2 2 2 
0 187
2 2 2 2 2 2 2 2 2 2 2 2 
2 2 2 2 2 2 2 2 2 2 2 2 
0 188
2 2 2 2 2 2 2 2 2 2 2 2 
1 1 2 2 2 1 1 1 2 1 1 2 
0 189
2 2 2 2 2 1 1 1 1 1 2 1 
1 1 2 2 2 1 1 1 1 1 1 2 
0 190
2 2 1 1 2 2 2 2 2 2 2 2 
1 1 2 2 2 1 1 1 1 1 1 2 
0 191
2 2 2 2 2 2 2 2 2 2 2 2 
1 1 2 2 2 1 1 1 1 1 1 2 
0 192
2 2 2 2 2 2 2 2 2 2 2 2 
2 2 2 2 2 2 2 2 2 2 2 2 
0 193
2 2 2 2 2 2 2 2 2 2 2 2 
2 2 2 2 2 2 2 2 2 2 2 2 
0 194
2 2 2 2 2 2 2 2 2 2 2 2 
1 1 2 2 2 1 1 1 1 1 1 2 
0 195
2 2 2 2 2 2 2 2 2 2 2 2 
1 1 2 2 2 1 1 1 1 1 1 2 
0 196
2 2 2 2 2 2 2 2 2 2 2 2 
1 1 2 2 2 2 2 2 2 2 2 2 
0 197
2 2 2 2 2 2 2 2 2 2 2 2 
1 1 2 2 2 2 2 2 2 2 2 2 
0 198
1 1 2 2 2 1 1 1 1 1 2 1 
1 1 2 2 2 1 1 1 1 1 1 2 
0 199
2 2 2 2 2 2 2 2 2 2 2 2 
2 2 2 2 2 2 2 2 2 2 2 2 
0 200
2 2 2 2 2 2 2 2 2 2 2 2 
2 2 2 2 2 2 2 2 2 2 2 2 
END BESTPAIRS1


Haplotype estimates for each individual, with uncertain phases enclosed in ()
and uncertain genotypes enclosed in []
with phase known positions indicated by =

BEGIN BESTPAIRS2
1 1
= = = = = = = = = = = = 
= = = = = = = = = = = = 
1 2
= = = = = = = = = = = = 
= = = = = = = = = = = = 
1 3
(2) (2) = = = 2 2 2 2 2 = 2 
(1) (1) = = = 1 1 1 1 1 = 1 
1 4
= = = = 2 = = = = = = = 
= = = = 1 = = = = = = = 
1 5
2 2 = = = = = = = = (2) = 
1 1 = = = = = = = = (1) = 
1 6
= = = = = = = = = = = = 
= = = = = = = = = = = = 
1 7
2 2 = = = 2 2 2 = 2 2 = 
1 1 = = = 1 1 1 = 1 1 = 
1 8
= = = = = = = = = = = = 
= = = = = = = = = = = = 
1 9
2 2 = = = 2 2 2 2 2 2 = 
1 1 = = = 1 1 1 1 1 1 = 
1 10
2 2 = = = 2 2 2 2 2 2 = 
1 1 = = = 1 1 1 1 1 1 = 
1 11
= = = = = = = = 2 = = = 
= = = = = = = = 1 = = = 
1 12
2 2 = = = 2 2 2 2 2 2 = 
1 1 = = = 1 1 1 1 1 1 = 
1 13
2 2 = = = = = = = = = = 
1 1 = = = = = = = = = = 
1 14
2 2 = = = 2 2 2 2 2 2 = 
1 1 = = = 1 1 1 1 1 1 = 
1 15
= = = = = 2 2 = = = = = 
= = = = = 1 1 = = = = = 
1 16
= = = = = 2 2 2 2 2 2 = 
= = = = = 1 1 1 1 1 1 = 
1 17
2 2 = = = = = = = = = = 
1 1 = = = = = = = = = = 
1 18
= = = = = = = = = = = = 
= = = = = = = = = = = = 
1 19
2 2 = = = = = = = = = = 
1 1 = = = = = = = = = = 
1 20
= = = = 2 = = = = = = = 
= = = = 1 = = = = = = = 
1 21
= = = = = 2 2 2 = = = = 
= = = = = 1 1 1 = = = = 
1 22
2 2 = = = = = = = = 2 1 
1 1 = = = = = = = = 1 2 
1 23
= = = = = 2 2 2 2 2 = 2 
= = = = = 1 1 1 1 1 = 1 
1 24
2 2 = = 1 2 2 2 2 2 2 = 
1 1 = = 2 1 1 1 1 1 1 = 
1 25
2 2 = = = 2 2 2 2 2 2 = 
1 1 = = = 1 1 1 1 1 1 = 
1 26
2 2 = = = 2 2 2 2 2 2 = 
1 1 = = = 1 1 1 1 1 1 = 
1 27
2 2 = = = 2 2 2 = 2 2 = 
1 1 = = = 1 1 1 = 1 1 = 
1 28
= = = = = = = = = = = = 
= = = = = = = = = = = = 
1 29
2 2 = = = 2 2 2 2 2 = = 
1 1 = = = 1 1 1 1 1 = = 
1 30
2 2 = = = 2 2 2 = = = = 
1 1 = = = 1 1 1 = = = = 
1 31
= = = = = 2 2 2 2 2 = = 
= = = = = 1 1 1 1 1 = = 
1 32
2 2 1 1 = = = = = = = = 
1 1 2 2 = = = = = = = = 
1 33
2 2 = = = 2 2 2 2 2 2 = 
1 1 = = = 1 1 1 1 1 1 = 
1 34
2 2 = = = 2 2 2 2 2 2 = 
1 1 = = = 1 1 1 1 1 1 = 
1 35
= = = = = = = = 2 = 1 = 
= = = = = = = = 1 = 2 = 
1 36
= = = = = = = = = = = = 
= = = = = = = = = = = = 
1 37
(2) (2) = = = 2 2 2 2 2 = 2 
(1) (1) = = = 1 1 1 1 1 = 1 
1 38
2 2 = = = 2 2 2 2 2 = = 
1 1 = = = 1 1 1 1 1 = = 
1 39
= = = = = 2 2 2 2 2 = = 
= = = = = 1 1 1 1 1 = = 
1 40
2 2 1 = = 2 2 2 2 2 2 1 
1 1 2 = = 1 1 1 1 1 1 2 
1 41
= = = = = = = = = = = = 
= = = = = = = = = = = = 
1 42
= = 2 = = = = = = = = 2 
= = 1 = = = = = = = = 1 
1 43
2 2 = = = = = = 1 = 2 1 
1 1 = = = = = = 2 = 1 2 
1 44
= = = = = = = = = = = = 
= = = = = = = = = = = = 
1 45
2 2 = = = 2 2 2 = 2 2 = 
1 1 = = = 1 1 1 = 1 1 = 
1 46
2 2 = = = = = = = = = = 
1 1 = = = = = = = = = = 
1 47
= = = = = = = = = = = = 
= = = = = = = = = = = = 
1 48
= = = = = = = = = = = = 
= = = = = = = = = = = = 
1 49
2 2 = = = 2 2 2 2 2 2 = 
1 1 = = = 1 1 1 1 1 1 = 
1 50
2 2 = = = 2 2 2 2 2 2 = 
1 1 = = = 1 1 1 1 1 1 = 
1 51
= = 2 2 = = = = = = = = 
= = 1 1 = = = = = = = = 
1 52
(2) (2) = = = 2 2 2 2 2 = 2 
(1) (1) = = = 1 1 1 1 1 = 1 
1 53
= = = = = = = = = = = = 
= = = = = = = = = = = = 
1 54
= = = = = 2 2 2 2 2 = 2 
= = = = = 1 1 1 1 1 = 1 
1 55
2 2 = = = 2 2 2 2 2 2 = 
1 1 = = = 1 1 1 1 1 1 = 
1 56
2 2 = = = 2 2 2 = = = = 
1 1 = = = 1 1 1 = = = = 
1 57
2 2 1 = = 2 2 2 2 2 2 1 
1 1 2 = = 1 1 1 1 1 1 2 
1 58
2 2 = = = = = = = = = = 
1 1 = = = = = = = = = = 
1 59
2 2 = = = = = 2 = = = = 
1 1 = = = = = 1 = = = = 
1 60
2 2 = = = 2 2 2 = 2 2 = 
1 1 = = = 1 1 1 = 1 1 = 
1 61
= = = = = = = = = = = = 
= = = = = = = = = = = = 
1 62
= = = = 2 = = = = = = = 
= = = = 1 = = = = = = = 
1 63
= = = = = = = = = = = = 
= = = = = = = = = = = = 
1 64
2 2 = = = 2 2 2 2 2 2 = 
1 1 = = = 1 1 1 1 1 1 = 
1 65
= = = = = = = = = = = = 
= = = = = = = = = = = = 
1 66
= = 2 = = 1 1 1 1 1 = = 
= = 1 = = 2 2 2 2 2 = = 
1 67
2 2 = = = = = = = = = = 
1 1 = = = = = = = = = = 
1 68
2 2 = = = 2 2 2 2 2 2 = 
1 1 = = = 1 1 1 1 1 1 = 
1 69
= = = = = = = = = = = = 
= = = = = = = = = = = = 
1 70
= = = = = = = = = = 2 1 
= = = = = = = = = = 1 2 
1 71
= = 2 = = = = = = = = 2 
= = 1 = = = = = = = = 1 
1 72
= = = = 2 = = = = = = = 
= = = = 1 = = = = = = = 
1 73
= = = = = = = = = = = = 
= = = = = = = = = = = = 
1 74
= = = = = = = = = = = = 
= = = = = = = = = = = = 
1 75
= = = = = = = = = = = = 
= = = = = = = = = = = = 
1 76
= = = = = = = = = = 2 1 
= = = = = = = = = = 1 2 
1 77
= = = = = = = = = = = = 
= = = = = = = = = = = = 
1 78
= = = = = = = = = = = = 
= = = = = = = = = = = = 
1 79
= = = = = = = = 2 = = = 
= = = = = = = = 1 = = = 
1 80
= = = = = = = = = = 2 = 
= = = = = = = = = = 1 = 
1 81
= = 2 = = = = = = = = 2 
= = 1 = = = = = = = = 1 
1 82
= = 2 2 = = = = = = = = 
= = 1 1 = = = = = = = = 
1 83
2 2 = = = 2 2 2 2 2 2 = 
1 1 = = = 1 1 1 1 1 1 = 
1 84
2 2 = = = = = = 1 = 2 1 
1 1 = = = = = = 2 = 1 2 
1 85
2 2 = = = = = = = = = = 
1 1 = = = = = = = = = = 
1 86
2 2 = = = 2 2 2 2 2 2 = 
1 1 = = = 1 1 1 1 1 1 = 
1 87
= = 2 = = = = = = = = 2 
= = 1 = = = = = = = = 1 
1 88
= = = = = 2 2 2 2 2 = = 
= = = = = 1 1 1 1 1 = = 
1 89
= = 2 2 = = = = = = = = 
= = 1 1 = = = = = = = = 
1 90
= = = = = = = = = = = = 
= = = = = = = = = = = = 
1 91
= = = = = 2 2 2 2 2 = = 
= = = = = 1 1 1 1 1 = = 
1 92
= = = = = = = = = = = = 
= = = = = = = = = = = = 
1 93
2 2 1 1 = 2 2 2 2 2 = 2 
1 1 2 2 = 1 1 1 1 1 = 1 
1 94
2 2 = = = = = = = = = = 
1 1 = = = = = = = = = = 
1 95
(2) (2) = = = 2 2 2 2 2 = 2 
(1) (1) = = = 1 1 1 1 1 = 1 
1 96
2 2 = = = 2 2 2 2 2 2 = 
1 1 = = = 1 1 1 1 1 1 = 
1 97
= = = = = = = = = = = = 
= = = = = = = = = = = = 
1 98
2 2 = = = 2 2 2 2 2 = = 
1 1 = = = 1 1 1 1 1 = = 
1 99
2 2 = = = 2 2 2 2 2 = = 
1 1 = = = 1 1 1 1 1 = = 
1 100
= = = = = = = = = = = = 
= = = = = = = = = = = = 
0 101
= = = = = = = = = = = = 
= = = = = = = = = = = = 
0 102
= = 2 2 = = = = = = = = 
= = 1 1 = = = = = = = = 
0 103
= = = = = = = = = = = = 
= = = = = = = = = = = = 
0 104
2 2 = = = 2 2 2 2 2 2 = 
1 1 = = = 1 1 1 1 1 1 = 
0 105
= = = = = = = = = = = = 
= = = = = = = = = = = = 
0 106
= = = = = 2 2 2 2 2 = 2 
= = = = = 1 1 1 1 1 = 1 
0 107
2 2 = = = 2 2 2 2 2 = = 
1 1 = = = 1 1 1 1 1 = = 
0 108
= = = = = 2 2 2 2 2 = 2 
= = = = = 1 1 1 1 1 = 1 
0 109
= = = = = = = = = = = = 
= = = = = = = = = = = = 
0 110
2 2 = = = 2 2 2 2 2 = = 
1 1 = = = 1 1 1 1 1 = = 
0 111
= = = = = 2 2 2 2 2 = 2 
= = = = = 1 1 1 1 1 = 1 
0 112
= = = = = 2 2 2 2 2 2 = 
= = = = = 1 1 1 1 1 1 = 
0 113
= = 2 2 = = = = = = = = 
= = 1 1 = = = = = = = = 
0 114
= = = = = = = = = = = = 
= = = = = = = = = = = = 
0 115
2 2 = = = = = = = = = = 
1 1 = = = = = = = = = = 
0 116
= = 2 2 = 1 1 1 1 1 = 1 
= = 1 1 = 2 2 2 2 2 = 2 
0 117
= = = = = = = = = = = = 
= = = = = = = = = = = = 
0 118
= = = = = = = = = = = = 
= = = = = = = = = = = = 
0 119
2 2 = = = 2 2 2 = = = = 
1 1 = = = 1 1 1 = = = = 
0 120
= = = = = 2 2 = = = = = 
= = = = = 1 1 = = = = = 
0 121
= = = = = = = = = = = = 
= = = = = = = = = = = = 
0 122
= = = = = = = = = = = = 
= = = = = = = = = = = = 
0 123
= = = = = = = = = = = = 
= = = = = = = = = = = = 
0 124
= = = = = 2 2 2 2 2 2 = 
= = = = = 1 1 1 1 1 1 = 
0 125
2 2 = = = = = = = = = = 
1 1 = = = = = = = = = = 
0 126
= = = = = = = = = = = = 
= = = = = = = = = = = = 
0 127
= = = = = 2 2 2 2 2 = = 
= = = = = 1 1 1 1 1 = = 
0 128
2 2 = = = 2 2 2 2 2 2 = 
1 1 = = = 1 1 1 1 1 1 = 
0 129
= = = = = 2 2 = = = = = 
= = = = = 1 1 = = = = = 
0 130
= = = = = = = = = = = = 
= = = = = = = = = = = = 
0 131
= = = = 2 = = = = = = = 
= = = = 1 = = = = = = = 
0 132
= = = = = = = = = = = = 
= = = = = = = = = = = = 
0 133
= = = = = = = = = = = = 
= = = = = = = = = = = = 
0 134
= = = = = = = = = = = = 
= = = = = = = = = = = = 
0 135
= = = = = = = = = = = = 
= = = = = = = = = = = = 
0 136
= = = = = = = = = = = = 
= = = = = = = = = = = = 
0 137
= = 2 2 = = = = = = = = 
= = 1 1 = = = = = = = = 
0 138
= = = = = 2 2 2 2 2 = 2 
= = = = = 1 1 1 1 1 = 1 
0 139
(2) (2) = = = 2 2 2 2 2 = 2 
(1) (1) = = = 1 1 1 1 1 = 1 
0 140
= = = = = 2 2 2 2 2 = = 
= = = = = 1 1 1 1 1 = = 
0 141
= = = = = = = = = = = = 
= = = = = = = = = = = = 
0 142
= = = = = 2 2 = = = = = 
= = = = = 1 1 = = = = = 
0 143
= = = = = = = = = = = = 
= = = = = = = = = = = = 
0 144
= = 2 = = = = = = = = 2 
= = 1 = = = = = = = = 1 
0 145
= = 2 = = = = = = = = 2 
= = 1 = = = = = = = = 1 
0 146
= = = = = = = = = = = = 
= = = = = = = = = = = = 
0 147
= = = = 2 = = = = = = = 
= = = = 1 = = = = = = = 
0 148
= = = = = 2 2 2 2 2 = 2 
= = = = = 1 1 1 1 1 = 1 
0 149
2 2 = = = 2 2 2 = = = = 
1 1 = = = 1 1 1 = = = = 
0 150
= = = = = = = = = = = = 
= = = = = = = = = = = = 
0 151
= = = = 2 = = = = = = = 
= = = = 1 = = = = = = = 
0 152
2 2 = = = 2 2 2 2 2 = = 
1 1 = = = 1 1 1 1 1 = = 
0 153
= = 2 = = 1 1 1 1 1 1 2 
= = 1 = = 2 2 2 2 2 2 1 
0 154
= = = = = = = = = = = = 
= = = = = = = = = = = = 
0 155
= = = = = = = = = = = = 
= = = = = = = = = = = = 
0 156
2 2 = = = = = = = = = = 
1 1 = = = = = = = = = = 
0 157
= = = = = = = = = = = = 
= = = = = = = = = = = = 
0 158
2 2 = = = 2 2 2 = 2 2 = 
1 1 = = = 1 1 1 = 1 1 = 
0 159
= = = = = 2 2 2 2 2 2 = 
= = = = = 1 1 1 1 1 1 = 
0 160
= = = = = = = = = = = = 
= = = = = = = = = = = = 
0 161
2 2 = = = 2 2 2 2 2 2 = 
1 1 = = = 1 1 1 1 1 1 = 
0 162
= = = = = = = = = = = = 
= = = = = = = = = = = = 
0 163
= = 2 = = = = = = = = 2 
= = 1 = = = = = = = = 1 
0 164
= = 2 = = = = = = = = 2 
= = 1 = = = = = = = = 1 
0 165
2 2 = = = = = = = = = = 
1 1 = = = = = = = = = = 
0 166
= = = = = = = = = = = = 
= = = = = = = = = = = = 
0 167
= = 2 2 = = = = = = = = 
= = 1 1 = = = = = = = = 
0 168
2 2 = = = 2 2 2 2 2 2 = 
1 1 = = = 1 1 1 1 1 1 = 
0 169
= = = = = 2 2 2 2 2 = 2 
= = = = = 1 1 1 1 1 = 1 
0 170
= = = = = = = = = = = = 
= = = = = = = = = = = = 
0 171
= = = = = 2 2 2 2 2 = = 
= = = = = 1 1 1 1 1 = = 
0 172
= = = = = 2 2 = = = = = 
= = = = = 1 1 = = = = = 
0 173
= = = = = = = = = = = = 
= = = = = = = = = = = = 
0 174
= = 2 = = = = = = = = 2 
= = 1 = = = = = = = = 1 
0 175
= = = = = = = = = = = = 
= = = = = = = = = = = = 
0 176
2 2 = = = 2 2 2 2 2 2 = 
1 1 = = = 1 1 1 1 1 1 = 
0 177
= = = = = = = = = = = = 
= = = = = = = = = = = = 
0 178
= = = = = = = = = = = = 
= = = = = = = = = = = = 
0 179
= = = = = = = = = = = = 
= = = = = = = = = = = = 
0 180
2 2 = = = 2 2 2 2 2 = = 
1 1 = = = 1 1 1 1 1 = = 
0 181
= = = = 2 = = = = = = = 
= = = = 1 = = = = = = = 
0 182
= = = = = = = = = = = = 
= = = = = = = = = = = = 
0 183
= = = = = 2 2 2 2 2 = 2 
= = = = = 1 1 1 1 1 = 1 
0 184
= = = = = = = = = = = = 
= = = = = = = = = = = = 
0 185
= = 2 = = = = = = = = 2 
= = 1 = = = = = = = = 1 
0 186
2 2 = = 1 = = = = = = = 
1 1 = = 2 = = = = = = = 
0 187
= = = = = = = = = = = = 
= = = = = = = = = = = = 
0 188
2 2 = = = 2 2 2 = 2 2 = 
1 1 = = = 1 1 1 = 1 1 = 
0 189
2 2 = = = = = = = = 2 1 
1 1 = = = = = = = = 1 2 
0 190
2 2 1 1 = 2 2 2 2 2 2 = 
1 1 2 2 = 1 1 1 1 1 1 = 
0 191
2 2 = = = 2 2 2 2 2 2 = 
1 1 = = = 1 1 1 1 1 1 = 
0 192
= = = = = = = = = = = = 
= = = = = = = = = = = = 
0 193
= = = = = = = = = = = = 
= = = = = = = = = = = = 
0 194
2 2 = = = 2 2 2 2 2 2 = 
1 1 = = = 1 1 1 1 1 1 = 
0 195
2 2 = = = 2 2 2 2 2 2 = 
1 1 = = = 1 1 1 1 1 1 = 
0 196
2 2 = = = = = = = = = = 
1 1 = = = = = = = = = = 
0 197
2 2 = = = = = = = = = = 
1 1 = = = = = = = = = = 
0 198
= = = = = = = = = = 2 1 
= = = = = = = = = = 1 2 
0 199
= = = = = = = = = = = = 
= = = = = = = = = = = = 
0 200
= = = = = = = = = = = = 
= = = = = = = = = = = = 
END BESTPAIRS2


Phase probabilities at each site
with phase known positions indicated by =
and missing data positions indicated by ?

BEGIN PHASEPROBS
= = = = = = = = = = = = 
= = = = = = = = = = = = 
0.79 0.79 = = = 1.00 1.00 1.00 1.00 1.00 = 1.00 
= = = = 1.00 = = = = = = = 
1.00 1.00 = = = = = = = = 0.72 = 
= = = = = = = = = = = = 
1.00 1.00 = = = 1.00 1.00 1.00 = 1.00 1.00 = 
= = = = = = = = = = = = 
0.98 0.98 = = = 1.00 1.00 1.00 1.00 1.00 1.00 = 
0.98 0.98 = = = 1.00 1.00 1.00 1.00 1.00 1.00 = 
= = = = = = = = 1.00 = = = 
0.98 0.98 = = = 1.00 1.00 1.00 1.00 1.00 1.00 = 
1.00 1.00 = = = = = = = = = = 
0.98 0.98 = = = 1.00 1.00 1.00 1.00 1.00 1.00 = 
= = = = = 1.00 1.00 = = = = = 
= = = = = 1.00 1.00 1.00 1.00 1.00 1.00 = 
1.00 1.00 = = = = = = = = = = 
= = = = = = = = = = = = 
1.00 1.00 = = = = = = = = = = 
= = = = 1.00 = = = = = = = 
= = = = = 1.00 1.00 1.00 = = = = 
0.93 0.93 = = = = = = = = 1.00 1.00 
= = = = = 1.00 1.00 1.00 1.00 1.00 = 1.00 
1.00 1.00 = = 1.00 1.00 1.00 1.00 1.00 1.00 1.00 = 
0.98 0.98 = = = 1.00 1.00 1.00 1.00 1.00 1.00 = 
0.98 0.98 = = = 1.00 1.00 1.00 1.00 1.00 1.00 = 
1.00 1.00 = = = 1.00 1.00 1.00 = 1.00 1.00 = 
= = = = = = = = = = = = 
0.95 0.95 = = = 1.00 1.00 1.00 1.00 1.00 = = 
1.00 1.00 = = = 1.00 1.00 1.00 = = = = 
= = = = = 1.00 1.00 1.00 1.00 1.00 = = 
0.96 0.96 1.00 1.00 = = = = = = = = 
0.98 0.98 = = = 1.00 1.00 1.00 1.00 1.00 1.00 = 
0.98 0.98 = = = 1.00 1.00 1.00 1.00 1.00 1.00 = 
= = = = = = = = 1.00 = 1.00 = 
= = = = = = = = = = = = 
0.79 0.79 = = = 1.00 1.00 1.00 1.00 1.00 = 1.00 
0.95 0.95 = = = 1.00 1.00 1.00 1.00 1.00 = = 
= = = = = 1.00 1.00 1.00 1.00 1.00 = = 
1.00 1.00 1.00 = = 1.00 1.00 1.00 1.00 1.00 1.00 1.00 
= = = = = = = = = = = = 
= = 1.00 = = = = = = = = 1.00 
0.99 0.99 = = = = = = 1.00 = 1.00 1.00 
= = = = = = = = = = = = 
1.00 1.00 = = = 1.00 1.00 1.00 = 1.00 1.00 = 
1.00 1.00 = = = = = = = = = = 
= = = = = = = = = = = = 
= = = = = = = = = = = = 
0.98 0.98 = = = 1.00 1.00 1.00 1.00 1.00 1.00 = 
0.98 0.98 = = = 1.00 1.00 1.00 1.00 1.00 1.00 = 
= = 1.00 1.00 = = = = = = = = 
0.79 0.79 = = = 1.00 1.00 1.00 1.00 1.00 = 1.00 
= = = = = = = = = = = = 
= = = = = 1.00 1.00 1.00 1.00 1.00 = 1.00 
0.98 0.98 = = = 1.00 1.00 1.00 1.00 1.00 1.00 = 
1.00 1.00 = = = 1.00 1.00 1.00 = = = = 
1.00 1.00 1.00 = = 1.00 1.00 1.00 1.00 1.00 1.00 1.00 
1.00 1.00 = = = = = = = = = = 
1.00 1.00 = = = = = 1.00 = = = = 
1.00 1.00 = = = 1.00 1.00 1.00 = 1.00 1.00 = 
= = = = = = = = = = = = 
= = = = 1.00 = = = = = = = 
= = = = = = = = = = = = 
0.98 0.98 = = = 1.00 1.00 1.00 1.00 1.00 1.00 = 
= = = = = = = = = = = = 
= = 1.00 = = 1.00 1.00 1.00 1.00 1.00 = = 
1.00 1.00 = = = = = = = = = = 
0.98 0.98 = = = 1.00 1.00 1.00 1.00 1.00 1.00 = 
= = = = = = = = = = = = 
= = = = = = = = = = 1.00 1.00 
= = 1.00 = = = = = = = = 1.00 
= = = = 1.00 = = = = = = = 
= = = = = = = = = = = = 
= = = = = = = = = = = = 
= = = = = = = = = = = = 
= = = = = = = = = = 1.00 1.00 
= = = = = = = = = = = = 
= = = = = = = = = = = = 
= = = = = = = = 1.00 = = = 
= = = = = = = = = = 1.00 = 
= = 1.00 = = = = = = = = 1.00 
= = 1.00 1.00 = = = = = = = = 
0.98 0.98 = = = 1.00 1.00 1.00 1.00 1.00 1.00 = 
0.99 0.99 = = = = = = 1.00 = 1.00 1.00 
1.00 1.00 = = = = = = = = = = 
0.98 0.98 = = = 1.00 1.00 1.00 1.00 1.00 1.00 = 
= = 1.00 = = = = = = = = 1.00 
= = = = = 1.00 1.00 1.00 1.00 1.00 = = 
= = 1.00 1.00 = = = = = = = = 
= = = = = = = = = = = = 
= = = = = 1.00 1.00 1.00 1.00 1.00 = = 
= = = = = = = = = = = = 
0.98 0.98 1.00 1.00 = 1.00 1.00 1.00 1.00 1.00 = 1.00 
1.00 1.00 = = = = = = = = = = 
0.79 0.79 = = = 1.00 1.00 1.00 1.00 1.00 = 1.00 
0.98 0.98 = = = 1.00 1.00 1.00 1.00 1.00 1.00 = 
= = = = = = = = = = = = 
0.95 0.95 = = = 1.00 1.00 1.00 1.00 1.00 = = 
0.95 0.95 = = = 1.00 1.00 1.00 1.00 1.00 = = 
= = = = = = = = = = = = 
= = = = = = = = = = = = 
= = 1.00 1.00 = = = = = = = = 
= = = = = = = = = = = = 
0.98 0.98 = = = 1.00 1.00 1.00 1.00 1.00 1.00 = 
= = = = = = = = = = = = 
= = = = = 1.00 1.00 1.00 1.00 1.00 = 1.00 
0.95 0.95 = = = 1.00 1.00 1.00 1.00 1.00 = = 
= = = = = 1.00 1.00 1.00 1.00 1.00 = 1.00 
= = = = = = = = = = = = 
0.95 0.95 = = = 1.00 1.00 1.00 1.00 1.00 = = 
= = = = = 1.00 1.00 1.00 1.00 1.00 = 1.00 
= = = = = 1.00 1.00 1.00 1.00 1.00 1.00 = 
= = 1.00 1.00 = = = = = = = = 
= = = = = = = = = = = = 
1.00 1.00 = = = = = = = = = = 
= = 1.00 1.00 = 1.00 1.00 1.00 1.00 1.00 = 1.00 
= = = = = = = = = = = = 
= = = = = = = = = = = = 
1.00 1.00 = = = 1.00 1.00 1.00 = = = = 
= = = = = 1.00 1.00 = = = = = 
= = = = = = = = = = = = 
= = = = = = = = = = = = 
= = = = = = = = = = = = 
= = = = = 1.00 1.00 1.00 1.00 1.00 1.00 = 
1.00 1.00 = = = = = = = = = = 
= = = = = = = = = = = = 
= = = = = 1.00 1.00 1.00 1.00 1.00 = = 
0.98 0.98 = = = 1.00 1.00 1.00 1.00 1.00 1.00 = 
= = = = = 1.00 1.00 = = = = = 
= = = = = = = = = = = = 
= = = = 1.00 = = = = = = = 
= = = = = = = = = = = = 
= = = = = = = = = = = = 
= = = = = = = = = = = = 
= = = = = = = = = = = = 
= = = = = = = = = = = = 
= = 1.00 1.00 = = = = = = = = 
= = = = = 1.00 1.00 1.00 1.00 1.00 = 1.00 
0.79 0.79 = = = 1.00 1.00 1.00 1.00 1.00 = 1.00 
= = = = = 1.00 1.00 1.00 1.00 1.00 = = 
= = = = = = = = = = = = 
= = = = = 1.00 1.00 = = = = = 
= = = = = = = = = = = = 
= = 1.00 = = = = = = = = 1.00 
= = 1.00 = = = = = = = = 1.00 
= = = = = = = = = = = = 
= = = = 1.00 = = = = = = = 
= = = = = 1.00 1.00 1.00 1.00 1.00 = 1.00 
1.00 1.00 = = = 1.00 1.00 1.00 = = = = 
= = = = = = = = = = = = 
= = = = 1.00 = = = = = = = 
0.95 0.95 = = = 1.00 1.00 1.00 1.00 1.00 = = 
= = 1.00 = = 1.00 1.00 1.00 1.00 1.00 1.00 1.00 
= = = = = = = = = = = = 
= = = = = = = = = = = = 
1.00 1.00 = = = = = = = = = = 
= = = = = = = = = = = = 
1.00 1.00 = = = 1.00 1.00 1.00 = 1.00 1.00 = 
= = = = = 1.00 1.00 1.00 1.00 1.00 1.00 = 
= = = = = = = = = = = = 
0.98 0.98 = = = 1.00 1.00 1.00 1.00 1.00 1.00 = 
= = = = = = = = = = = = 
= = 1.00 = = = = = = = = 1.00 
= = 1.00 = = = = = = = = 1.00 
1.00 1.00 = = = = = = = = = = 
= = = = = = = = = = = = 
= = 1.00 1.00 = = = = = = = = 
0.98 0.98 = = = 1.00 1.00 1.00 1.00 1.00 1.00 = 
= = = = = 1.00 1.00 1.00 1.00 1.00 = 1.00 
= = = = = = = = = = = = 
= = = = = 1.00 1.00 1.00 1.00 1.00 = = 
= = = = = 1.00 1.00 = = = = = 
= = = = = = = = = = = = 
= = 1.00 = = = = = = = = 1.00 
= = = = = = = = = = = = 
0.98 0.98 = = = 1.00 1.00 1.00 1.00 1.00 1.00 = 
= = = = = = = = = = = = 
= = = = = = = = = = = = 
= = = = = = = = = = = = 
0.95 0.95 = = = 1.00 1.00 1.00 1.00 1.00 = = 
= = = = 1.00 = = = = = = = 
= = = = = = = = = = = = 
= = = = = 1.00 1.00 1.00 1.00 1.00 = 1.00 
= = = = = = = = = = = = 
= = 1.00 = = = = = = = = 1.00 
1.00 1.00 = = 0.96 = = = = = = = 
= = = = = = = = = = = = 
1.00 1.00 = = = 1.00 1.00 1.00 = 1.00 1.00 = 
0.93 0.93 = = = = = = = = 1.00 1.00 
1.00 1.00 1.00 1.00 = 1.00 1.00 1.00 1.00 1.00 1.00 = 
0.98 0.98 = = = 1.00 1.00 1.00 1.00 1.00 1.00 = 
= = = = = = = = = = = = 
= = = = = = = = = = = = 
0.98 0.98 = = = 1.00 1.00 1.00 1.00 1.00 1.00 = 
0.98 0.98 = = = 1.00 1.00 1.00 1.00 1.00 1.00 = 
1.00 1.00 = = = = = = = = = = 
1.00 1.00 = = = = = = = = = = 
= = = = = = = = = = 1.00 1.00 
= = = = = = = = = = = = 
= = = = = = = = = = = = 
END PHASEPROBS
